// Jest Snapshot v1, https://goo.gl/fbAQLP

exports[`Icon renders correctly with correct properties 1`] = `
<Text
  accessible={true}
  allowFontScaling={false}
  focusable={false}
  onClick={[Function]}
  onResponderGrant={[Function]}
  onResponderMove={[Function]}
  onResponderRelease={[Function]}
  onResponderTerminate={[Function]}
  onResponderTerminationRequest={[Function]}
  onStartShouldSetResponder={[Function]}
  style={
    Array [
      Object {
        "color": "#211f30",
        "fontSize": 25,
      },
      undefined,
      Object {
        "fontFamily": "Material Icons",
        "fontStyle": "normal",
        "fontWeight": "normal",
      },
      Object {},
    ]
  }
>
  
</Text>
`;
