// Jest Snapshot v1, https://goo.gl/fbAQLP

exports[`Search renders correctly with correct properties 1`] = `
<View
  style={
    Array [
      Object {
        "paddingHorizontal": 30,
        "paddingTop": 22,
      },
    ]
  }
>
  <Text
    style={
      Array [
        Object {
          "fontSize": 20,
          "textAlign": "center",
        },
      ]
    }
  >
    Search & Filter
  </Text>
  <View
    style={
      Array [
        Object {
          "alignItems": "center",
          "flexDirection": "row",
          "paddingVertical": 5,
        },
      ]
    }
  >
    <Text
      accessible={true}
      allowFontScaling={false}
      focusable={true}
      onClick={[Function]}
      onResponderGrant={[Function]}
      onResponderMove={[Function]}
      onResponderRelease={[Function]}
      onResponderTerminate={[Function]}
      onResponderTerminationRequest={[Function]}
      onStartShouldSetResponder={[Function]}
      style={
        Array [
          Object {
            "color": "#211f30",
            "fontSize": 25,
          },
          undefined,
          Object {
            "fontFamily": "Material Icons",
            "fontStyle": "normal",
            "fontWeight": "normal",
          },
          Object {},
        ]
      }
    >
      
    </Text>
    <Text
      accessible={true}
      focusable={true}
      onClick={[Function]}
      onResponderGrant={[Function]}
      onResponderMove={[Function]}
      onResponderRelease={[Function]}
      onResponderTerminate={[Function]}
      onResponderTerminationRequest={[Function]}
      onStartShouldSetResponder={[Function]}
      style={
        Array [
          Object {
            "marginLeft": 5,
          },
        ]
      }
    >
      Done
    </Text>
  </View>
  <View
    style={
      Array [
        Object {
          "alignItems": "center",
          "flexDirection": "row",
          "paddingVertical": 5,
        },
      ]
    }
  >
    <Text
      accessible={true}
      allowFontScaling={false}
      focusable={true}
      onClick={[Function]}
      onResponderGrant={[Function]}
      onResponderMove={[Function]}
      onResponderRelease={[Function]}
      onResponderTerminate={[Function]}
      onResponderTerminationRequest={[Function]}
      onStartShouldSetResponder={[Function]}
      style={
        Array [
          Object {
            "color": "#211f30",
            "fontSize": 25,
          },
          undefined,
          Object {
            "fontFamily": "Material Icons",
            "fontStyle": "normal",
            "fontWeight": "normal",
          },
          Object {},
        ]
      }
    >
      
    </Text>
    <Text
      accessible={true}
      focusable={true}
      onClick={[Function]}
      onResponderGrant={[Function]}
      onResponderMove={[Function]}
      onResponderRelease={[Function]}
      onResponderTerminate={[Function]}
      onResponderTerminationRequest={[Function]}
      onStartShouldSetResponder={[Function]}
      style={
        Array [
          Object {
            "marginLeft": 5,
          },
        ]
      }
    >
      Date Descending
    </Text>
  </View>
  <View
    style={
      Array [
        Object {
          "alignItems": "center",
          "flexDirection": "row",
          "paddingVertical": 5,
        },
      ]
    }
  >
    <Text
      accessible={true}
      allowFontScaling={false}
      focusable={true}
      onClick={[Function]}
      onResponderGrant={[Function]}
      onResponderMove={[Function]}
      onResponderRelease={[Function]}
      onResponderTerminate={[Function]}
      onResponderTerminationRequest={[Function]}
      onStartShouldSetResponder={[Function]}
      style={
        Array [
          Object {
            "color": "#211f30",
            "fontSize": 25,
          },
          undefined,
          Object {
            "fontFamily": "Material Icons",
            "fontStyle": "normal",
            "fontWeight": "normal",
          },
          Object {},
        ]
      }
    >
      
    </Text>
    <Text
      accessible={true}
      focusable={true}
      onClick={[Function]}
      onResponderGrant={[Function]}
      onResponderMove={[Function]}
      onResponderRelease={[Function]}
      onResponderTerminate={[Function]}
      onResponderTerminationRequest={[Function]}
      onStartShouldSetResponder={[Function]}
      style={
        Array [
          Object {
            "marginLeft": 5,
          },
        ]
      }
    >
      A-Z
    </Text>
  </View>
  <TextInput
    allowFontScaling={true}
    onChangeText={[Function]}
    placeholder="Search here"
    rejectResponderTermination={true}
    style={
      Array [
        Object {
          "marginLeft": 5,
        },
      ]
    }
    underlineColorAndroid="transparent"
    value=""
  />
</View>
`;
